vlib/v/checker/tests/const_field_dec_err.v:6:2: error: `a` is a const, declare it with `mut var` to make it mutable 
    4 | 
    5 | fn main() {
    6 |     a--
      |     ^
    7 | }
