vlib/v/checker/tests/main_no_body_err.vv:1:1: error: function `main` cannot be no-body function
    1 | fn main()
      | ~~~~~~~~~
