vlib/v/checker/tests/struct_ref_fields_uninitialized_err.vv:11:7: warning: reference field `Outer.c.b` must be initialized
    9 | 
   10 | fn main() {
   11 |     o := Outer{}
      |          ~~~~~~~
   12 |     dump(o)
   13 | }
