vlib/v/checker/tests/unnecessary_unsafe_block.vv:2:10: notice: unnecessary `unsafe` block
    1 | fn main() {
    2 |     x := unsafe { 1 }
      |          ~~~~~~
    3 |     assert x == 1
    4 | }
