vlib/v/parser/tests/dollar_err.vv:1:1: error: unexpected eof, expecting `if`
    1 | $
      | ^