vlib/v/parser/tests/unexpected_keyword.vv:5:12: error: unexpected keyword `import`, expecting `(`
    3 | }
    4 | 
    5 | fn (s Abc) import(name string) {
      |            ~~~~~~
    6 |     println(name)
    7 | }
