[0,0,0,1,2,3,4,5,6,7,8]
[0,0,0,1,2,3,4,5,6,100,120]
[1,2,3,4,1,2,3,4,1,2,3,4,1,2,3,4,1,2,3,4,1,2,3,4,1,2,3,4,1,2,3,4]
10
1=>2=>3=>4=>5
[2,3,4]